
> frontend@0.0.0 test:coverage
> vitest run --coverage


[1m[46m RUN [49m[22m [36mv4.0.16 [39m[90m/Users/kevinlappe/Documents/lattice-lock-framework/frontend[39m
      [2mCoverage enabled with [22m[33mv8[39m

 [31m❯[39m src/components/progress/__tests__/ProgressComponents.test.jsx [2m([22m[2m3 tests[22m[2m | [22m[31m3 failed[39m[2m)[22m[32m 55[2mms[22m[39m
[31m     [31m×[31m should render empty state when no tasks[39m[32m 45[2mms[22m[39m
[31m     [31m×[31m should render list of tasks[39m[32m 3[2mms[22m[39m
[31m     [31m×[31m should show progress bar for running tasks[39m[32m 5[2mms[22m[39m
[90mstdout[2m | src/pages/__tests__/SettingsPage.test.jsx[2m > [22m[2mSettingsPage[2m > [22m[2mshould show success message on save
[22m[39mSaving settings: {
  defaultModel: [32m'auto'[39m,
  theme: [32m'dark'[39m,
  autoRefresh: [33mtrue[39m,
  refreshInterval: [33m30[39m,
  apiKeys: { openai: [32m''[39m, anthropic: [32m''[39m, google: [32m''[39m }
}

 [32m✓[39m src/pages/__tests__/SettingsPage.test.jsx [2m([22m[2m4 tests[22m[2m)[22m[32m 208[2mms[22m[39m
 [31m❯[39m src/components/models/__tests__/ModelComponents.test.jsx [2m([22m[2m5 tests[22m[2m | [22m[31m3 failed[39m[2m)[22m[32m 81[2mms[22m[39m
[31m     [31m×[31m should render model details[39m[32m 15[2mms[22m[39m
[31m     [31m×[31m should show status indicator[39m[32m 10[2mms[22m[39m
[31m     [31m×[31m should handle edit action[39m[32m 1[2mms[22m[39m
     [32m✓[39m should render create mode when no model provided[32m 34[2mms[22m[39m
     [32m✓[39m should render edit mode when model provided[32m 19[2mms[22m[39m
 [32m✓[39m src/components/selection/__tests__/SelectionComponents.test.jsx [2m([22m[2m2 tests[22m[2m)[22m[32m 120[2mms[22m[39m
 [31m❯[39m src/components/layout/__tests__/LayoutComponents.test.jsx [2m([22m[2m3 tests[22m[2m | [22m[31m1 failed[39m[2m)[22m[32m 281[2mms[22m[39m
     [32m✓[39m should render navigation sidebar[32m 205[2mms[22m[39m
[31m     [31m×[31m should render navigation links[39m[32m 17[2mms[22m[39m
     [32m✓[39m should toggle sidebar when menu button clicked[32m 57[2mms[22m[39m
 [32m✓[39m src/api/__tests__/api.test.js [2m([22m[2m15 tests[22m[2m)[22m[32m 3[2mms[22m[39m
 [32m✓[39m src/store/__tests__/projectStore.test.js [2m([22m[2m6 tests[22m[2m)[22m[32m 4[2mms[22m[39m
 [31m❯[39m src/components/execution/__tests__/ExecutionComponents.test.jsx [2m([22m[2m5 tests[22m[2m | [22m[31m3 failed[39m[2m)[22m[33m 568[2mms[22m[39m
     [32m✓[39m should render input textarea[32m 25[2mms[22m[39m
     [32m✓[39m should handle text input[32m 284[2mms[22m[39m
[31m     [31m×[31m should submit prompt on button click[39m[32m 161[2mms[22m[39m
[31m     [31m×[31m should submit on Ctrl+Enter[39m[32m 93[2mms[22m[39m
[31m     [31m×[31m should disable input while loading[39m[32m 3[2mms[22m[39m
 [32m✓[39m src/store/__tests__/stores.test.js [2m([22m[2m15 tests[22m[2m)[22m[32m 4[2mms[22m[39m
 [32m✓[39m src/__tests__/App.test.jsx [2m([22m[2m1 test[22m[2m)[22m[32m 164[2mms[22m[39m
 [32m✓[39m src/pages/__tests__/ProjectsPage.test.jsx [2m([22m[2m3 tests[22m[2m)[22m[32m 77[2mms[22m[39m

[31m⎯⎯⎯⎯⎯⎯[39m[1m[41m Failed Suites 4 [49m[22m[31m⎯⎯⎯⎯⎯⎯⎯[39m

[41m[1m FAIL [22m[49m src/pages/__tests__/DashboardPage.test.jsx[2m [ src/pages/__tests__/DashboardPage.test.jsx ][22m
[31m[1mError[22m: Failed to resolve import "../test/utils" from "src/pages/__tests__/DashboardPage.test.jsx". Does the file exist?[39m
  Plugin: [35mvite:import-analysis[39m
  File: [36m/Users/kevinlappe/Documents/lattice-lock-framework/frontend/src/pages/__tests__/DashboardPage.test.jsx[39m:2:0
[33m  12 |  }));
  13 |  const __vi_import_0__ = await import("react/jsx-dev-runtime");
  14 |  const __vi_import_1__ = await import("../test/utils");
     |                                       ^
  15 |  const __vi_import_2__ = await import("../pages/DashboardPage");
  16 |  const __vi_import_3__ = await import("../store");[39m
[90m [2m❯[22m TransformPluginContext._formatLog node_modules/vite/dist/node/chunks/config.js:[2m28998:43[22m[39m
[90m [2m❯[22m TransformPluginContext.error node_modules/vite/dist/node/chunks/config.js:[2m28995:14[22m[39m
[90m [2m❯[22m normalizeUrl node_modules/vite/dist/node/chunks/config.js:[2m27118:18[22m[39m
[90m [2m❯[22m node_modules/vite/dist/node/chunks/config.js:[2m27176:32[22m[39m
[90m [2m❯[22m TransformPluginContext.transform node_modules/vite/dist/node/chunks/config.js:[2m27144:4[22m[39m
[90m [2m❯[22m EnvironmentPluginContainer.transform node_modules/vite/dist/node/chunks/config.js:[2m28796:14[22m[39m
[90m [2m❯[22m loadAndTransform node_modules/vite/dist/node/chunks/config.js:[2m22669:26[22m[39m

[31m[2m⎯⎯⎯⎯⎯⎯⎯⎯⎯⎯⎯⎯⎯⎯⎯⎯⎯⎯⎯⎯⎯⎯⎯[1/14]⎯[22m[39m

[41m[1m FAIL [22m[49m src/pages/__tests__/ExecutePage.test.jsx[2m [ src/pages/__tests__/ExecutePage.test.jsx ][22m
[31m[1mError[22m: Failed to resolve import "../store" from "src/pages/__tests__/ExecutePage.test.jsx". Does the file exist?[39m
  Plugin: [35mvite:import-analysis[39m
  File: [36m/Users/kevinlappe/Documents/lattice-lock-framework/frontend/src/pages/__tests__/ExecutePage.test.jsx[39m:4:0
[33m  3  |  const __vi_import_1__ = await import("../../test/utils");
  4  |  const __vi_import_2__ = await import("../ExecutePage");
  5  |  const __vi_import_3__ = await import("../store");
     |                                       ^
  6  |  
  7  |  import { describe, it, expect, vi } from "vitest";[39m
[90m [2m❯[22m TransformPluginContext._formatLog node_modules/vite/dist/node/chunks/config.js:[2m28998:43[22m[39m
[90m [2m❯[22m TransformPluginContext.error node_modules/vite/dist/node/chunks/config.js:[2m28995:14[22m[39m
[90m [2m❯[22m normalizeUrl node_modules/vite/dist/node/chunks/config.js:[2m27118:18[22m[39m
[90m [2m❯[22m node_modules/vite/dist/node/chunks/config.js:[2m27176:32[22m[39m
[90m [2m❯[22m TransformPluginContext.transform node_modules/vite/dist/node/chunks/config.js:[2m27144:4[22m[39m
[90m [2m❯[22m EnvironmentPluginContainer.transform node_modules/vite/dist/node/chunks/config.js:[2m28796:14[22m[39m
[90m [2m❯[22m loadAndTransform node_modules/vite/dist/node/chunks/config.js:[2m22669:26[22m[39m

[31m[2m⎯⎯⎯⎯⎯⎯⎯⎯⎯⎯⎯⎯⎯⎯⎯⎯⎯⎯⎯⎯⎯⎯⎯[2/14]⎯[22m[39m

[41m[1m FAIL [22m[49m src/pages/__tests__/HistoryPage.test.jsx[2m [ src/pages/__tests__/HistoryPage.test.jsx ][22m
[31m[1mError[22m: Failed to resolve import "../store" from "src/pages/__tests__/HistoryPage.test.jsx". Does the file exist?[39m
  Plugin: [35mvite:import-analysis[39m
  File: [36m/Users/kevinlappe/Documents/lattice-lock-framework/frontend/src/pages/__tests__/HistoryPage.test.jsx[39m:4:0
[33m  3  |  const __vi_import_1__ = await import("../../test/utils");
  4  |  const __vi_import_2__ = await import("../HistoryPage");
  5  |  const __vi_import_3__ = await import("../store");
     |                                       ^
  6  |  
  7  |  import { describe, it, expect, vi } from "vitest";[39m
[90m [2m❯[22m TransformPluginContext._formatLog node_modules/vite/dist/node/chunks/config.js:[2m28998:43[22m[39m
[90m [2m❯[22m TransformPluginContext.error node_modules/vite/dist/node/chunks/config.js:[2m28995:14[22m[39m
[90m [2m❯[22m normalizeUrl node_modules/vite/dist/node/chunks/config.js:[2m27118:18[22m[39m
[90m [2m❯[22m node_modules/vite/dist/node/chunks/config.js:[2m27176:32[22m[39m
[90m [2m❯[22m TransformPluginContext.transform node_modules/vite/dist/node/chunks/config.js:[2m27144:4[22m[39m
[90m [2m❯[22m EnvironmentPluginContainer.transform node_modules/vite/dist/node/chunks/config.js:[2m28796:14[22m[39m
[90m [2m❯[22m loadAndTransform node_modules/vite/dist/node/chunks/config.js:[2m22669:26[22m[39m

[31m[2m⎯⎯⎯⎯⎯⎯⎯⎯⎯⎯⎯⎯⎯⎯⎯⎯⎯⎯⎯⎯⎯⎯⎯[3/14]⎯[22m[39m

[41m[1m FAIL [22m[49m src/pages/__tests__/ModelsPage.test.jsx[2m [ src/pages/__tests__/ModelsPage.test.jsx ][22m
[31m[1mError[22m: Failed to resolve import "../store" from "src/pages/__tests__/ModelsPage.test.jsx". Does the file exist?[39m
  Plugin: [35mvite:import-analysis[39m
  File: [36m/Users/kevinlappe/Documents/lattice-lock-framework/frontend/src/pages/__tests__/ModelsPage.test.jsx[39m:4:0
[33m  10 |  const __vi_import_1__ = await import("../../test/utils");
  11 |  const __vi_import_2__ = await import("../ModelsPage");
  12 |  const __vi_import_3__ = await import("../store");
     |                                       ^
  13 |  
  14 |  import { describe, it, expect, vi } from "vitest";[39m
[90m [2m❯[22m TransformPluginContext._formatLog node_modules/vite/dist/node/chunks/config.js:[2m28998:43[22m[39m
[90m [2m❯[22m TransformPluginContext.error node_modules/vite/dist/node/chunks/config.js:[2m28995:14[22m[39m
[90m [2m❯[22m normalizeUrl node_modules/vite/dist/node/chunks/config.js:[2m27118:18[22m[39m
[90m [2m❯[22m node_modules/vite/dist/node/chunks/config.js:[2m27176:32[22m[39m
[90m [2m❯[22m TransformPluginContext.transform node_modules/vite/dist/node/chunks/config.js:[2m27144:4[22m[39m
[90m [2m❯[22m EnvironmentPluginContainer.transform node_modules/vite/dist/node/chunks/config.js:[2m28796:14[22m[39m
[90m [2m❯[22m loadAndTransform node_modules/vite/dist/node/chunks/config.js:[2m22669:26[22m[39m

[31m[2m⎯⎯⎯⎯⎯⎯⎯⎯⎯⎯⎯⎯⎯⎯⎯⎯⎯⎯⎯⎯⎯⎯⎯[4/14]⎯[22m[39m


[31m⎯⎯⎯⎯⎯⎯[39m[1m[41m Failed Tests 10 [49m[22m[31m⎯⎯⎯⎯⎯⎯⎯[39m

[41m[1m FAIL [22m[49m src/components/layout/__tests__/LayoutComponents.test.jsx[2m > [22mAppShell[2m > [22mshould render navigation links
[31m[1mTestingLibraryElementError[22m[39m: Found multiple elements with the text: Dashboard

Here are the matching elements:

Ignored nodes: comments, script, style
[36m<span[39m
  [33mclass[39m=[32m"nav-label"[39m
[36m>[39m
  [0mDashboard[0m
[36m</span>[39m

Ignored nodes: comments, script, style
[36m<h1[39m
  [33mclass[39m=[32m"page-title"[39m
[36m>[39m
  [0mDashboard[0m
[36m</h1>[39m

(If this is intentional, then use the `*AllBy*` variant of the query (like `queryAllByText`, `getAllByText`, or `findAllByText`)).

Ignored nodes: comments, script, style
[36m<body>[39m
  [36m<div>[39m
    [36m<div[39m
      [33mclass[39m=[32m"app-shell "[39m
    [36m>[39m
      [36m<nav[39m
        [33mclass[39m=[32m"navigation-rail"[39m
      [36m>[39m
        [36m<div[39m
          [33mclass[39m=[32m"nav-header"[39m
        [36m>[39m
          [36m<button[39m
            [33mclass[39m=[32m"btn btn-icon"[39m
            [33mtitle[39m=[32m"Toggle menu"[39m
          [36m>[39m
            [36m<svg[39m
              [33mfill[39m=[32m"currentColor"[39m
              [33mheight[39m=[32m"24"[39m
              [33mviewBox[39m=[32m"0 -960 960 960"[39m
              [33mwidth[39m=[32m"24"[39m
              [33mxmlns[39m=[32m"http://www.w3.org/2000/svg"[39m
            [36m>[39m
              [36m<path[39m
                [33md[39m=[32m"M120-240v-80h720v80H120Zm0-200v-80h720v80H120Zm0-200v-80h720v80H120Z"[39m
              [36m/>[39m
            [36m</svg>[39m
          [36m</button>[39m
        [36m</div>[39m
        [36m<div[39m
          [33mclass[39m=[32m"nav-items"[39m
        [36m>[39m
          [36m<a[39m
            [33maria-current[39m=[32m"page"[39m
            [33mclass[39m=[32m"nav-item active"[39m
            [33mdata-discover[39m=[32m"true"[39m
            [33mhref[39m=[32m"/"[39m
            [33mtitle[39m=[32m"Dashboard"[39m
          [36m>[39m
            [36m<div[39m
              [33mclass[39m=[32m"nav-icon"[39m
            [36m>[39m
              [36m<svg[39m
                [33mfill[39m=[32m"currentColor"[39m
                [33mheight[39m=[32m"24"[39m
                [33mviewBox[39m=[32m"0 -960 960 960"[39m
                [33mwidth[39m=[32m"24"[39m
                [33mxmlns[39m=[32m"http://www.w3.org/2000/svg"[39m
              [36m>[39m
                [36m<path[39m
                  [33md[39m=[32m"M520-600v-240h320v240H520ZM120-440v-400h320v400H120Zm400 320v-400h320v400H520Zm-400 0v-240h320v240H120Zm80-400h160v-240H200v240Zm400 320h160v-240H600v240Zm0-480h160v-80H600v80ZM200-200h160v-80H200v80Zm160-320Zm240-160Zm0 240ZM360-280Z"[39m
                [36m/>[39m
              [36m</svg>[39m
            [36m</div>[39m
            [36m<span[39m
              [33mclass[39m=[32m"nav-label"[39m
            [36m>[39m
              [0mDashboard[0m
            [36m</span>[39m
          [36m</a>[39m
          [36m<a[39m
            [33mclass[39m=[32m"nav-item "[39m
            [33mdata-discover[39m=[32m"true"[39m
            [33mhref[39m=[32m"/models"[39m
            [33mtitle[39m=[32m"Models"[39m
          [36m>[39m
            [36m<div[39m
              [33mclass[39m=[32m"nav-icon"[39m
            [36m>[39m
              [36m<svg[39m
                [33mfill[39m=[32m"currentColor"[39m
                [33mheight[39m=[32m"24"[39m
                [33mviewBox[39m=[32m"0 -960 960 960"[39m
                [33mwidth[39m=[32m"24"[39m
                [33mxmlns[39m=[32m"http://www.w3.org/2000/svg"[39m
              [36m>[39m
                [36m<path[39m
                  [33md[39m=[32m"M480-400q-50 0-85-35t-35-85q0-50 35-85t85-35q50 0 85 35t35 85q0 50-35 85t-85 35Zm0-80q17 0 28.5-11.5T520-520q0-17-11.5-28.5T480-560q-17 0-28.5 11.5T440-520q0 17 11.5 28.5T480-480ZM160-120v-160q0-33 23.5-56.5T240-360h80q20 0 37 8t29 22q32 36 78 53t96 17q50 0 96-17t78-53q12-14 29-22t37-8h80q33 0 56.5 23.5T960-280v160H640v-80q-38 22-78.5 31T480-160q-41 0-81.5-9T320-200v80H160Zm80-80h80v-41l6-4 18-9q32-16 68-21t68-5q32 0 68 5t68 21l18 9 6 4v41h80v-80q-44-36-100-58t-120-22q-64 0-120 22t-100 58v80Zm240-200Z"[39m
                [36m/>[39m
              [36m</svg>[39m
            [36m</div>[39m
            [36m<span[39m
              [33mclass[39m=[32m"nav-label"[39m
            [36m>[39m
              [0mModels[0m
            [36m</span>[39m
          [36m</a>[39m
          [36m<a[39m
            [33mclass[39m=[32m"nav-item "[39m
            [33mdata-discover[39m=[32m"true"[39m
            [33mhref[39m=[32m"/execute"[39m
            [33mtitle[39m=[32m"Execute"[39m
          [36m>[39m
            [36m<div[39m
              [33mclass[39m=[32m"nav-icon"[39m
            [36m>[39m
              [36m<svg[39m
                [33mfill[39m=[32m"currentColor"[39m
                [33mheight[39m=[32m"24"[39m
                [33mviewBox[39m=[32m"0 -960 960 960"[39m
                [33mwidth[39m=[32m"24"[39m
                [33mxmlns[39m=[32m"http://www.w3.org/2000/svg"[39m
              [36m>[39m
                [36m<path[39m
                  [33md[39m=[32m"M320-200v-560l440 280-440 280Zm80-280Zm0 134 210-134-210-134v268Z"[39m
                [36m/>[39m
              [36m</svg>[39m
            [36m</div>[39m
            [36m<span[39m
              [33mclass[39m=[32m"nav-label"[39m
            [36m>[39m
              [0mExecute[0m
            [36m</span>[39m
          [36m</a>[39m
          [36m<a[39m
            [33mclass[39m=[32m"nav-item "[39m
            [33mdata-discover[39m=[32m"true"[39m
            [33mhref[39m=[32m"/history"[39m
            [33mtitle[39m=[32m"History"[39m
          [36m>[39m
            [36m<div[39m
              [33mclass[39m=[32m"nav-icon"[39m
            [36m>[39m
              [36m<svg[39m
                [33mfill[39m=[32m"currentColor"[39m
                [33mheight[39m=[32m"24"[39m
                [33mviewBox[39m=[32m"0 -960 960 960"[39m
                [33mwidth[39m=[32m"24"[39m
                [33mxmlns[39m=[32m"http://www.w3.org/2000/svg"[39m
              [36m>[39m
                [36m<path[39m
                  [33md[39m=[32m"M480-120q-138 0-240.5-91.5T122-440h82q14 104 92.5 172T480-200q117 0 198.5-81.5T760-480q0-117-81.5-198.5T480-760q-69 0-129 32t-101 88h110v80H120v-240h80v94q51-64 124.5-99T480-840q75 0 140.5 28.5t114 77q48.5 48.5 77 114T840-480q0 75-28.5 140.5t-77 114q-48.5 48.5-114 77T480-120Zm112-192L440-464v-216h80v184l128 128-56 56Z"[39m
                [36m/>[39m
              [36m</svg>[39m
            [36m</div>[39m
            [36m<span[39m
              [33mclass[39m=[32m"nav-label"[39m
            [36m>[39m
              [0mHistory[0m
            [36m</span>[39m
          [36m</a>[39m
        [36m</div>[39m
        [36m<div[39m
          [33mclass[39m=[32m"nav-footer"[39m
        [36m>[39m
          [36m<a[39m
            [33mclass[39m=[32m"nav-item"[39m
            [33mdata-discover[39m=[32m"true"[39m
            [33mhref[39m=[32m"/settings"[39m
            [33mtitle[39m=[32m"Settings"[39m
          [36m>[39m
            [36m<div[39m
              [33mclass[39m=[32m"nav-icon"[39m
            [36m>[39m
              [36m<svg[39m
                [33mfill[39m=[32m"currentColor"[39m
                [33mheight[39m=[32m"24"[39m
                [33mviewBox[39m=[32m"0 -960 960 960"[39m
                [33mwidth[39m=[32m"24"[39m
                [33mxmlns[39m=[32m"http://www.w3.org/2000/svg"[39m
              [36m>[39m
                [36m<path[39m
                  [33md[39m=[32m"m370-80-16-128q-13-5-24.5-12T307-235l-119 50L78-375l103-78q-1-7-1-13.5v-27q0-6.5 1-13.5L78-585l110-190 119 50q11-8 23-15t24-12l16-128h220l16 128q13 5 24.5 12t22.5 15l119-50 110 190-103 78q1 7 1 13.5v27q0 6.5-2 13.5l103 78-110 190-118-50q-11 8-23 15t-24 12L590-80H370Zm70-80h79l14-106q31-8 57.5-23.5T639-327l99 41 39-68-86-65q5-14 7-29.5t2-31.5q0-16-2-31.5t-7-29.5l86-65-39-68-99 42q-22-23-48.5-38.5T533-694l-13-106h-79l-14 106q-31 8-57.5 23.5T321-beckoned633l-99-41-39 68 86 64q-5 15-7 30t-2 32q0 16 2 31t7 30l-86 65 39 68 99-42q22 23 48.5 38.5T427-266l13 106Zm42-180q58 0 99-41t41-99q0-58-41-99t-99-41q-59 0-99.5 41T342-480q0 58 40.5 99t99.5 41Zm-2-140Z"[39m
                [36m/>[39m
              [36m</svg>[39m
            [36m</div>[39m
            [36m<span[39m
              [33mclass[39m=[32m"nav-label"[39m
            [36m>[39m
              [0mSettings[0m
            [36m</span>[39m
          [36m</a>[39m
        [36m</div>[39m
      [36m</nav>[39m
      [36m<div[39m
        [33mclass[39m=[32m"main-container"[39m
      [36m>[39m
        [36m<header[39m
          [33mclass[39m=[32m"top-app-bar"[39m
        [36m>[39m
          [36m<h1[39m
            [33mclass[39m=[32m"page-title"[39m
          [36m>[39m
            [0mDashboard[0m
          [36m</h1>[39m
          [36m<div[39m
            [33mclass[39m=[32m"app-bar-actions"[39m
          [36m>[39m
            [36m<div[39m
              [33mclass[39m=[32m"connection-status status-indicator status-online"[39m
            [36m>[39m
              [36m<span[39m
                [33mclass[39m=[32m"status-dot"[39m
              [36m/>[39m
              [36m<span>[39m
                [0mConnected[0m
              [36m</span>[39m
            [36m</div>[39m
          [36m</div>[39m
        [36m</header>[39m
        [36m<main[39m
          [33mclass[39m=[32m"page-content"[39m
        [36m/>[39m
      [36m</div>[39m
    [36m</div>[39m
  [36m</div>[39m
[36m</body>[39m
[90m [2m❯[22m Object.getElementError node_modules/@testing-library/dom/dist/config.js:[2m37:19[22m[39m
[90m [2m❯[22m getElementError node_modules/@testing-library/dom/dist/query-helpers.js:[2m20:35[22m[39m
[90m [2m❯[22m getMultipleElementsFoundError node_modules/@testing-library/dom/dist/query-helpers.js:[2m23:10[22m[39m
[90m [2m❯[22m node_modules/@testing-library/dom/dist/query-helpers.js:[2m55:13[22m[39m
[90m [2m❯[22m node_modules/@testing-library/dom/dist/query-helpers.js:[2m95:19[22m[39m
[36m [2m❯[22m src/components/layout/__tests__/LayoutComponents.test.jsx:[2m13:19[22m[39m
    [90m 11| [39m  [34mit[39m([32m'should render navigation links'[39m[33m,[39m () [33m=>[39m {
    [90m 12| [39m    [34mrenderWithProviders[39m([33m<[39m[33mAppShell[39m [33m/[39m[33m>[39m)[33m;[39m
    [90m 13| [39m    [34mexpect[39m(screen[33m.[39m[34mgetByText[39m([32m'Dashboard'[39m))[33m.[39m[34mtoBeInTheDocument[39m()[33m;[39m
    [90m   | [39m                  [31m^[39m
    [90m 14| [39m    [34mexpect[39m(screen[33m.[39m[34mgetByText[39m([32m'Models'[39m))[33m.[39m[34mtoBeInTheDocument[39m()[33m;[39m
    [90m 15| [39m    [34mexpect[39m(screen[33m.[39m[34mgetByText[39m([32m'Execute'[39m))[33m.[39m[34mtoBeInTheDocument[39m()[33m;[39m

[31m[2m⎯⎯⎯⎯⎯⎯⎯⎯⎯⎯⎯⎯⎯⎯⎯⎯⎯⎯⎯⎯⎯⎯⎯[5/14]⎯[22m[39m

[41m[1m FAIL [22m[49m src/components/models/__tests__/ModelComponents.test.jsx[2m > [22mModelCard[2m > [22mshould render model details
[41m[1m FAIL [22m[49m src/components/models/__tests__/ModelComponents.test.jsx[2m > [22mModelCard[2m > [22mshould show status indicator
[41m[1m FAIL [22m[49m src/components/models/__tests__/ModelComponents.test.jsx[2m > [22mModelCard[2m > [22mshould handle edit action
[31m[1mTypeError[22m: Cannot read properties of undefined (reading 'toFixed')[39m
[36m [2m❯[22m formatCost src/components/models/ModelCard.jsx:[2m64:21[22m[39m
    [90m 62| [39m    [35mif[39m (cost [33m===[39m [34m0[39m) [35mreturn[39m [32m'Free'[39m[33m;[39m
    [90m 63| [39m    [35mif[39m (cost [33m<[39m [34m0.001[39m) [35mreturn[39m [32m`$[39m[36m${[39m(cost [33m*[39m [34m1000[39m)[33m.[39m[34mtoFixed[39m([34m3[39m)[36m}[39m[32m/1M`[39m[33m;[39m
    [90m 64| [39m    [35mreturn[39m [32m`$[39m[36m${[39mcost[33m.[39m[34mtoFixed[39m([34m4[39m)[36m}[39m[32m/1K`[39m[33m;[39m
    [90m   | [39m                    [31m^[39m
    [90m 65| [39m  }[33m;[39m
    [90m 66| [39m
[90m [2m❯[22m ModelCard src/components/models/ModelCard.jsx:[2m111:43[22m[39m
[90m [2m❯[22m Object.react_stack_bottom_frame node_modules/react-dom/cjs/react-dom-client.development.js:[2m25904:20[22m[39m
[90m [2m❯[22m renderWithHooks node_modules/react-dom/cjs/react-dom-client.development.js:[2m7662:22[22m[39m
[90m [2m❯[22m updateFunctionComponent node_modules/react-dom/cjs/react-dom-client.development.js:[2m10166:19[22m[39m
[90m [2m❯[22m beginWork node_modules/react-dom/cjs/react-dom-client.development.js:[2m11778:18[22m[39m
[90m [2m❯[22m runWithFiberInDEV node_modules/react-dom/cjs/react-dom-client.development.js:[2m874:13[22m[39m
[90m [2m❯[22m performUnitOfWork node_modules/react-dom/cjs/react-dom-client.development.js:[2m17641:22[22m[39m
[90m [2m❯[22m workLoopSync node_modules/react-dom/cjs/react-dom-client.development.js:[2m17469:41[22m[39m
[90m [2m❯[22m renderRootSync node_modules/react-dom/cjs/react-dom-client.development.js:[2m17450:11[22m[39m

[31m[2m⎯⎯⎯⎯⎯⎯⎯⎯⎯⎯⎯⎯⎯⎯⎯⎯⎯⎯⎯⎯⎯⎯⎯[6/14]⎯[22m[39m

[41m[1m FAIL [22m[49m src/components/execution/__tests__/ExecutionComponents.test.jsx[2m > [22mPromptInput[2m > [22mshould submit prompt on button click
[31m[1mTestingLibraryElementError[22m[39m: Unable to find an accessible element with the role "button" and name `/run/i`

Here are the accessible roles:

  button:

  Name "System Instructions":
  [36m<button[39m
    [33mclass[39m=[32m"btn btn-icon "[39m
    [33mtitle[39m=[32m"System Instructions"[39m
    [33mtype[39m=[32m"button"[39m
  [36m/>[39m

  Name "Clear":
  [36m<button[39m
    [33mclass[39m=[32m"clear-btn"[39m
    [33mtitle[39m=[32m"Clear"[39m
    [33mtype[39m=[32m"button"[39m
  [36m/>[39m

  Name "Send (Cmd/Ctrl + Enter)":
  [36m<button[39m
    [33mclass[39m=[32m"btn btn-fab"[39m
    [33mtitle[39m=[32m"Send (Cmd/Ctrl + Enter)"[39m
    [33mtype[39m=[32m"submit"[39m
  [36m/>[39m

  Name "💡 Explain code":
  [36m<button[39m
    [33mclass[39m=[32m"btn btn-text"[39m
  [36m/>[39m

  Name "🔍 Code review":
  [36m<button[39m
    [33mclass[39m=[32m"btn btn-text"[39m
  [36m/>[39m

  Name "🧪 Write tests":
  [36m<button[39m
    [33mclass[39m=[32m"btn btn-text"[39m
  [36m/>[39m

  Name "🔧 Refactor":
  [36m<button[39m
    [33mclass[39m=[32m"btn btn-text"[39m
  [36m/>[39m

  --------------------------------------------------
  textbox:

  Name "":
  [36m<textarea[39m
    [33mclass[39m=[32m"prompt-textarea"[39m
    [33mplaceholder[39m=[32m"Enter your prompt... (Cmd/Ctrl + Enter to send)"[39m
    [33mrows[39m=[32m"3"[39m
  [36m/>[39m

  --------------------------------------------------

Ignored nodes: comments, script, style
[36m<body>[39m
  [36m<div>[39m
    [36m<div[39m
      [33mclass[39m=[32m"prompt-input-container"[39m
    [36m>[39m
      [36m<div[39m
        [33mclass[39m=[32m"system-instructions-panel "[39m
      [36m>[39m
        [36m<div[39m
          [33mclass[39m=[32m"panel-header"[39m
        [36m>[39m
          [36m<h4>[39m
            [0mSystem Instructions[0m
          [36m</h4>[39m
          [36m<p[39m
            [33mclass[39m=[32m"hint"[39m
          [36m>[39m
            [0mPersistent instructions to prevent prompt drift and maintain coherence.[0m
          [36m</p>[39m
        [36m</div>[39m
        [36m<textarea[39m
          [33mclass[39m=[32m"system-textarea"[39m
          [33mplaceholder[39m=[32m"e.g., You are a helpful coding assistant. Always provide working code examples. Use TypeScript when appropriate."[39m
          [33mrows[39m=[32m"4"[39m
        [36m/>[39m
      [36m</div>[39m
      [36m<form[39m
        [33mclass[39m=[32m"prompt-form"[39m
      [36m>[39m
        [36m<div[39m
          [33mclass[39m=[32m"prompt-actions-left"[39m
        [36m>[39m
          [36m<button[39m
            [33mclass[39m=[32m"btn btn-icon "[39m
            [33mtitle[39m=[32m"System Instructions"[39m
            [33mtype[39m=[32m"button"[39m
          [36m>[39m
            [36m<svg[39m
              [33mfill[39m=[32m"currentColor"[39m
              [33mheight[39m=[32m"20"[39m
              [33mviewBox[39m=[32m"0 -960 960 960"[39m
              [33mwidth[39m=[32m"20"[39m
              [33mxmlns[39m=[32m"http://www.w3.org/2000/svg"[39m
            [36m>[39m
              [36m<path[39m
                [33md[39m=[32m"M440-120v-240h80v80h320v80H520v80h-80Zm-320-80v-80h240v80H120Zm160-160v-80H120v-80h160v-80h80v240h-80Zm160-80v-80h400v80H440Zm160-160v-240h80v80h160v80H680v80h-80Zm-480-80v-80h400v80H120Z"[39m
              [36m/>[39m
            [36m</svg>[39m
          [36m</button>[39m
        [36m</div>[39m
        [36m<div[39m
          [33mclass[39m=[32m"prompt-input-wrapper"[39m
        [36m>[39m
          [36m<textarea[39m
            [33mclass[39m=[32m"prompt-textarea"[39m
            [33mplaceholder[39m=[32m"Enter your prompt... (Cmd/Ctrl + Enter to send)"[39m
            [33mrows[39m=[32m"3"[39m
          [36m>[39m
            [0mTest prompt[0m
          [36m</textarea>[39m
          [36m<button[39m
            [33mclass[39m=[32m"clear-btn"[39m
            [33mtitle[39m=[32m"Clear"[39m
            [33mtype[39m=[32m"button"[39m
          [36m>[39m
            [36m<svg[39m
              [33mfill[39m=[32m"currentColor"[39m
              [33mheight[39m=[32m"20"[39m
              [33mviewBox[39m=[32m"0 -960 960 960"[39m
              [33mwidth[39m=[32m"20"[39m
              [33mxmlns[39m=[32m"http://www.w3.org/2000/svg"[39m
            [36m>[39m
              [36m<path[39m
                [33md[39m=[32m"m256-200-56-56 224-224-224-224 56-56 224 224 224-224 56 56-224 224 224 224-56 56-224-224-224 224Z"[39m
              [36m/>[39m
            [36m</svg>[39m
          [36m</button>[39m
        [36m</div>[39m
        [36m<div[39m
          [33mclass[39m=[32m"prompt-actions-right"[39m
        [36m>[39m
          [36m<button[39m
            [33mclass[39m=[32m"btn btn-fab"[39m
            [33mtitle[39m=[32m"Send (Cmd/Ctrl + Enter)"[39m
            [33mtype[39m=[32m"submit"[39m
          [36m>[39m
            [36m<svg[39m
              [33mfill[39m=[32m"currentColor"[39m
              [33mheight[39m=[32m"24"[39m
              [33mviewBox[39m=[32m"0 -960 960 960"[39m
              [33mwidth[39m=[32m"24"[39m
              [33mxmlns[39m=[32m"http://www.w3.org/2000/svg"[39m
            [36m>[39m
              [36m<path[39m
                [33md[39m=[32m"M120-160v-640l760 320-760 320Zm80-120 474-200-474-200v140l240 60-240 60v140Zm0 0v-400 400Z"[39m
              [36m/>[39m
            [36m</svg>[39m
          [36m</button>[39m
        [36m</div>[39m
      [36m</form>[39m
      [36m<div[39m
        [33mclass[39m=[32m"quick-actions"[39m
      [36m>[39m
        [36m<button[39m
          [33mclass[39m=[32m"btn btn-text"[39m
        [36m>[39m
          [0m💡 Explain code[0m
        [36m</button>[39m
        [36m<button[39m
          [33mclass[39m=[32m"btn btn-text"[39m
        [36m>[39m
          [0m🔍 Code review[0m
        [36m</button>[39m
        [36m<button[39m
          [33mclass[39m=[32m"btn btn-text"[39m
        [36m>[39m
          [0m🧪 Write tests[0m
        [36m</button>[39m
        [36m<button[39m
          [33mclass[39m=[32m"btn btn-text"[39m
        [36m>[39m
          [0m🔧 Refactor[0m
        [36m</button>[39m
      [36m</div>[39m
    [36m</div>[39m
  [36m</div>[39m
[36m</body>[39m
[90m [2m❯[22m Object.getElementError node_modules/@testing-library/dom/dist/config.js:[2m37:19[22m[39m
[90m [2m❯[22m node_modules/@testing-library/dom/dist/query-helpers.js:[2m76:38[22m[39m
[90m [2m❯[22m node_modules/@testing-library/dom/dist/query-helpers.js:[2m52:17[22m[39m
[90m [2m❯[22m node_modules/@testing-library/dom/dist/query-helpers.js:[2m95:19[22m[39m
[36m [2m❯[22m src/components/execution/__tests__/ExecutionComponents.test.jsx:[2m29:30[22m[39m
    [90m 27| [39m    [35mawait[39m user[33m.[39m[34mtype[39m(input[33m,[39m [32m'Test prompt'[39m)[33m;[39m
    [90m 28| [39m    
    [90m 29| [39m    [35mconst[39m submitBtn [33m=[39m screen[33m.[39m[34mgetByRole[39m([32m'button'[39m[33m,[39m { name[33m:[39m [36m/run/i[39m })[33m;[39m
    [90m   | [39m                             [31m^[39m
    [90m 30| [39m    [35mawait[39m user[33m.[39m[34mclick[39m(submitBtn)[33m;[39m
    [90m 31| [39m    

[31m[2m⎯⎯⎯⎯⎯⎯⎯⎯⎯⎯⎯⎯⎯⎯⎯⎯⎯⎯⎯⎯⎯⎯⎯[7/14]⎯[22m[39m

[41m[1m FAIL [22m[49m src/components/execution/__tests__/ExecutionComponents.test.jsx[2m > [22mPromptInput[2m > [22mshould submit on Ctrl+Enter
[31m[1mAssertionError[22m: expected "vi.fn()" to be called with arguments: [ 'Test prompt' ][90m

Received: 

[1m  1st vi.fn() call:

[22m[2m  [[22m
[32m-   "Test prompt",[90m
[31m+   {[90m
[31m+     "prompt": "Test prompt",[90m
[31m+     "systemInstructions": "",[90m
[31m+   },[90m
[2m  ][22m
[31m[90m

Number of calls: [1m1[22m
[31m[39m
[36m [2m❯[22m src/components/execution/__tests__/ExecutionComponents.test.jsx:[2m44:22[22m[39m
    [90m 42| [39m    [35mawait[39m user[33m.[39m[34mtype[39m(input[33m,[39m [32m'Test prompt{Control>}{Enter}{/Control}'[39m)[33m;[39m
    [90m 43| [39m    
    [90m 44| [39m    [34mexpect[39m(onSubmit)[33m.[39m[34mtoHaveBeenCalledWith[39m([32m'Test prompt'[39m)[33m;[39m
    [90m   | [39m                     [31m^[39m
    [90m 45| [39m  })[33m;[39m
    [90m 46| [39m

[31m[2m⎯⎯⎯⎯⎯⎯⎯⎯⎯⎯⎯⎯⎯⎯⎯⎯⎯⎯⎯⎯⎯⎯⎯[8/14]⎯[22m[39m

[41m[1m FAIL [22m[49m src/components/execution/__tests__/ExecutionComponents.test.jsx[2m > [22mPromptInput[2m > [22mshould disable input while loading
[31m[1mError[22m: [2mexpect([22m[31melement[31m[2m).toBeDisabled()[22m

Received element is not disabled:
  [31m<textarea
  class="prompt-textarea"
  placeholder="Enter your prompt... (Cmd/Ctrl + Enter to send)"
  rows="3"
/>[31m[39m
[36m [2m❯[22m src/components/execution/__tests__/ExecutionComponents.test.jsx:[2m49:63[22m[39m
    [90m 47| [39m  [34mit[39m([32m'should disable input while loading'[39m[33m,[39m () [33m=>[39m {
    [90m 48| [39m    [34mrenderWithProviders[39m([33m<[39m[33mPromptInput[39m [33misLoading[39m[33m=[39m[33m{[39m[35mtrue[39m[33m}[39m [33m/[39m[33m>[39m)[33m;[39m
    [90m 49| [39m    expect(screen.getByPlaceholderText(/Enter your prompt/i)).toBeDisa…
    [90m   | [39m                                                              [31m^[39m
    [90m 50| [39m    expect(screen.getByRole('button', { name: /running/i })).toBeDisab…
    [90m 51| [39m  })[33m;[39m

[31m[2m⎯⎯⎯⎯⎯⎯⎯⎯⎯⎯⎯⎯⎯⎯⎯⎯⎯⎯⎯⎯⎯⎯⎯[9/14]⎯[22m[39m

[41m[1m FAIL [22m[49m src/components/progress/__tests__/ProgressComponents.test.jsx[2m > [22mTaskList[2m > [22mshould render empty state when no tasks
[31m[1mTestingLibraryElementError[22m: Unable to find an element with the text: No active tasks. This could be because the text is broken up by multiple elements. In this case, you can provide a function for your text matcher to make your matcher more flexible.

Ignored nodes: comments, script, style
[36m<body>[31m
  [36m<div>[31m
    [36m<div[31m
      [33mclass[31m=[32m"task-list-container"[31m
    [36m>[31m
      [36m<div[31m
        [33mclass[31m=[32m"task-list-header"[31m
      [36m>[31m
        [36m<div[31m
          [33mclass[31m=[32m"header-left"[31m
        [36m>[31m
          [36m<h3>[31m
            [0mTask Progress[0m
          [36m</h3>[31m
          [36m<span[31m
            [33mclass[31m=[32m"task-count"[31m
          [36m>[31m
            [0m0[0m
            [0m / [0m
            [0m0[0m
            [0m tasks[0m
          [36m</span>[31m
        [36m</div>[31m
        [36m<div[31m
          [33mclass[31m=[32m"header-right"[31m
        [36m>[31m
          [36m<div[31m
            [33mclass[31m=[32m"stat-badge"[31m
          [36m>[31m
            [36m<span[31m
              [33mclass[31m=[32m"label"[31m
            [36m>[31m
              [0mTokens[0m
            [36m</span>[31m
            [36m<span[31m
              [33mclass[31m=[32m"value"[31m
            [36m>[31m
              [0m0[0m
            [36m</span>[31m
          [36m</div>[31m
          [36m<div[31m
            [33mclass[31m=[32m"stat-badge"[31m
          [36m>[31m
            [36m<span[31m
              [33mclass[31m=[32m"label"[31m
            [36m>[31m
              [0mCost[0m
            [36m</span>[31m
            [36m<span[31m
              [33mclass[31m=[32m"value"[31m
            [36m>[31m
              [0m$[0m
              [0m0.0000[0m
            [36m</span>[31m
          [36m</div>[31m
        [36m</div>[31m
      [36m</div>[31m
      [36m<div[31m
        [33mclass[31m=[32m"tasks"[31m
      [36m>[31m
        [36m<div[31m
          [33mclass[31m=[32m"empty-tasks"[31m
        [36m>[31m
          [36m<p>[31m
            [0mNo tasks yet. Submit a prompt to start execution.[0m
          [36m</p>[31m
        [36m</div>[31m
      [36m</div>[31m
    [36m</div>[31m
  [36m</div>[31m
[36m</body>[31m[39m
[90m [2m❯[22m Object.getElementError node_modules/@testing-library/dom/dist/config.js:[2m37:19[22m[39m
[90m [2m❯[22m node_modules/@testing-library/dom/dist/query-helpers.js:[2m76:38[22m[39m
[90m [2m❯[22m node_modules/@testing-library/dom/dist/query-helpers.js:[2m52:17[22m[39m
[90m [2m❯[22m node_modules/@testing-library/dom/dist/query-helpers.js:[2m95:19[22m[39m
[36m [2m❯[22m src/components/progress/__tests__/ProgressComponents.test.jsx:[2m9:19[22m[39m
    [90m  7| [39m  [34mit[39m([32m'should render empty state when no tasks'[39m[33m,[39m () [33m=>[39m {
    [90m  8| [39m    [34mrenderWithProviders[39m([33m<[39m[33mTaskList[39m [33mtasks[39m[33m=[39m[33m{[39m[][33m}[39m [33m/[39m[33m>[39m)[33m;[39m
    [90m  9| [39m    [34mexpect[39m(screen[33m.[39m[34mgetByText[39m([32m'No active tasks'[39m))[33m.[39m[34mtoBeInTheDocument[39m()[33m;[39m
    [90m   | [39m                  [31m^[39m
    [90m 10| [39m  })[33m;[39m
    [90m 11| [39m

[31m[2m⎯⎯⎯⎯⎯⎯⎯⎯⎯⎯⎯⎯⎯⎯⎯⎯⎯⎯⎯⎯⎯⎯[10/14]⎯[22m[39m

[41m[1m FAIL [22m[49m src/components/progress/__tests__/ProgressComponents.test.jsx[2m > [22mTaskList[2m > [22mshould render list of tasks
[31m[1mTestingLibraryElementError[22m: Unable to find an element with the text: Task 1. This could be because the text is broken up by multiple elements. In this case, you can provide a function for your text matcher to make your matcher more flexible.

Ignored nodes: comments, script, style
[36m<body>[31m
  [36m<div>[31m
    [36m<div[31m
      [33mclass[31m=[32m"task-list-container"[31m
    [36m>[31m
      [36m<div[31m
        [33mclass[31m=[32m"task-list-header"[31m
      [36m>[31m
        [36m<div[31m
          [33mclass[31m=[32m"header-left"[31m
        [36m>[31m
          [36m<h3>[31m
            [0mTask Progress[0m
          [36m</h3>[31m
          [36m<span[31m
            [33mclass[31m=[32m"task-count"[31m
          [36m>[31m
            [0m0[0m
            [0m / [0m
            [0m0[0m
            [0m tasks[0m
          [36m</span>[31m
        [36m</div>[31m
        [36m<div[31m
          [33mclass[31m=[32m"header-right"[31m
        [36m>[31m
          [36m<div[31m
            [33mclass[31m=[32m"stat-badge"[31m
          [36m>[31m
            [36m<span[31m
              [33mclass[31m=[32m"label"[31m
            [36m>[31m
              [0mTokens[0m
            [36m</span>[31m
            [36m<span[31m
              [33mclass[31m=[32m"value"[31m
            [36m>[31m
              [0m0[0m
            [36m</span>[31m
          [36m</div>[31m
          [36m<div[31m
            [33mclass[31m=[32m"stat-badge"[31m
          [36m>[31m
            [36m<span[31m
              [33mclass[31m=[32m"label"[31m
            [36m>[31m
              [0mCost[0m
            [36m</span>[31m
            [36m<span[31m
              [33mclass[31m=[32m"value"[31m
            [36m>[31m
              [0m$[0m
              [0m0.0000[0m
            [36m</span>[31m
          [36m</div>[31m
        [36m</div>[31m
      [36m</div>[31m
      [36m<div[31m
        [33mclass[31m=[32m"tasks"[31m
      [36m>[31m
        [36m<div[31m
          [33mclass[31m=[32m"empty-tasks"[31m
        [36m>[31m
          [36m<p>[31m
            [0mNo tasks yet. Submit a prompt to start execution.[0m
          [36m</p>[31m
        [36m</div>[31m
      [36m</div>[31m
    [36m</div>[31m
  [36m</div>[31m
[36m</body>[31m[39m
[90m [2m❯[22m Object.getElementError node_modules/@testing-library/dom/dist/config.js:[2m37:19[22m[39m
[90m [2m❯[22m node_modules/@testing-library/dom/dist/query-helpers.js:[2m76:38[22m[39m
[90m [2m❯[22m node_modules/@testing-library/dom/dist/query-helpers.js:[2m52:17[22m[39m
[90m [2m❯[22m node_modules/@testing-library/dom/dist/query-helpers.js:[2m95:19[22m[39m
[36m [2m❯[22m src/components/progress/__tests__/ProgressComponents.test.jsx:[2m20:19[22m[39m
    [90m 18| [39m    [34mrenderWithProviders[39m([33m<[39m[33mTaskList[39m [33mtasks[39m[33m=[39m[33m{[39mtasks[33m}[39m [33m/[39m[33m>[39m)[33m;[39m
    [90m 19| [39m    
    [90m 20| [39m    [34mexpect[39m(screen[33m.[39m[34mgetByText[39m([32m'Task 1'[39m))[33m.[39m[34mtoBeInTheDocument[39m()[33m;[39m
    [90m   | [39m                  [31m^[39m
    [90m 21| [39m    [34mexpect[39m(screen[33m.[39m[34mgetByText[39m([32m'Task 2'[39m))[33m.[39m[34mtoBeInTheDocument[39m()[33m;[39m
    [90m 22| [39m    [34mexpect[39m(screen[33m.[39m[34mgetByText[39m([32m'completed'[39m))[33m.[39m[34mtoBeInTheDocument[39m()[33m;[39m

[31m[2m⎯⎯⎯⎯⎯⎯⎯⎯⎯⎯⎯⎯⎯⎯⎯⎯⎯⎯⎯⎯⎯⎯[11/14]⎯[22m[39m

[41m[1m FAIL [22m[49m src/components/progress/__tests__/ProgressComponents.test.jsx[2m > [22mTaskList[2m > [22mshould show progress bar for running tasks
[31m[1mTestingLibraryElementError[22m: Unable to find an element with the text: /50%/. This could be because the text is broken up by multiple elements. In this case, you can provide a function for your text matcher to make your matcher more flexible.

Ignored nodes: comments, script, style
[36m<body>[31m
  [36m<div>[31m
    [36m<div[31m
      [33mclass[31m=[32m"task-list-container"[31m
    [36m>[31m
      [36m<div[31m
        [33mclass[31m=[32m"task-list-header"[31m
      [36m>[31m
        [36m<div[31m
          [33mclass[31m=[32m"header-left"[31m
        [36m>[31m
          [36m<h3>[31m
            [0mTask Progress[0m
          [36m</h3>[31m
          [36m<span[31m
            [33mclass[31m=[32m"task-count"[31m
          [36m>[31m
            [0m0[0m
            [0m / [0m
            [0m0[0m
            [0m tasks[0m
          [36m</span>[31m
        [36m</div>[31m
        [36m<div[31m
          [33mclass[31m=[32m"header-right"[31m
        [36m>[31m
          [36m<div[31m
            [33mclass[31m=[32m"stat-badge"[31m
          [36m>[31m
            [36m<span[31m
              [33mclass[31m=[32m"label"[31m
            [36m>[31m
              [0mTokens[0m
            [36m</span>[31m
            [36m<span[31m
              [33mclass[31m=[32m"value"[31m
            [36m>[31m
              [0m0[0m
            [36m</span>[31m
          [36m</div>[31m
          [36m<div[31m
            [33mclass[31m=[32m"stat-badge"[31m
          [36m>[31m
            [36m<span[31m
              [33mclass[31m=[32m"label"[31m
            [36m>[31m
              [0mCost[0m
            [36m</span>[31m
            [36m<span[31m
              [33mclass[31m=[32m"value"[31m
            [36m>[31m
              [0m$[0m
              [0m0.0000[0m
            [36m</span>[31m
          [36m</div>[31m
        [36m</div>[31m
      [36m</div>[31m
      [36m<div[31m
        [33mclass[31m=[32m"tasks"[31m
      [36m>[31m
        [36m<div[31m
          [33mclass[31m=[32m"empty-tasks"[31m
        [36m>[31m
          [36m<p>[31m
            [0mNo tasks yet. Submit a prompt to start execution.[0m
          [36m</p>[31m
        [36m</div>[31m
      [36m</div>[31m
    [36m</div>[31m
  [36m</div>[31m
[36m</body>[31m[39m
[90m [2m❯[22m Object.getElementError node_modules/@testing-library/dom/dist/config.js:[2m37:19[22m[39m
[90m [2m❯[22m node_modules/@testing-library/dom/dist/query-helpers.js:[2m76:38[22m[39m
[90m [2m❯[22m node_modules/@testing-library/dom/dist/query-helpers.js:[2m52:17[22m[39m
[90m [2m❯[22m node_modules/@testing-library/dom/dist/query-helpers.js:[2m95:19[22m[39m
[36m [2m❯[22m src/components/progress/__tests__/ProgressComponents.test.jsx:[2m33:19[22m[39m
    [90m 31| [39m    [90m// Assuming role="progressbar" or similar[39m
    [90m 32| [39m    [90m// For now we check text presence[39m
    [90m 33| [39m    [34mexpect[39m(screen[33m.[39m[34mgetByText[39m([36m/50%/[39m))[33m.[39m[34mtoBeInTheDocument[39m()[33m;[39m 
    [90m   | [39m                  [31m^[39m
    [90m 34| [39m  })[33m;[39m
    [90m 35| [39m})[33m;[39m

[31m[2m⎯⎯⎯⎯⎯⎯⎯⎯⎯⎯⎯⎯⎯⎯⎯⎯⎯⎯⎯⎯⎯⎯[12/14]⎯[22m[39m


[2m Test Files [22m [1m[31m8 failed[39m[22m[2m | [22m[1m[32m7 passed[39m[22m[90m (15)[39m
[2m      Tests [22m [1m[31m10 failed[39m[22m[2m | [22m[1m[32m52 passed[39m[22m[90m (62)[39m
[2m   Start at [22m 14:13:39
[2m   Duration [22m 1.75s[2m (transform 638ms, setup 1.80s, import 2.23s, tests 1.56s, environment 6.92s)[22m

